#Packing pin usage report
Type: io
	Input Pin Usage:
		Max: 1.00 (0.50)
		Avg: 0.36 (0.18)
		Min: 0.00 (0.00)
		Histogram:
		[        0:      0.2) 7 (63.6%) |*************************************************
		[      0.2:      0.4) 0 ( 0.0%) |
		[      0.4:      0.6) 0 ( 0.0%) |
		[      0.6:      0.8) 0 ( 0.0%) |
		[      0.8:        1) 4 (36.4%) |****************************
		[        1:      1.2) 0 ( 0.0%) |
		[      1.2:      1.4) 0 ( 0.0%) |
		[      1.4:      1.6) 0 ( 0.0%) |
		[      1.6:      1.8) 0 ( 0.0%) |
		[      1.8:        2) 0 ( 0.0%) |
	Output Pin Usage:
		Max: 1.00 (1.00)
		Avg: 0.64 (0.64)
		Min: 0.00 (0.00)
		Histogram:
		[        0:      0.1) 4 (36.4%) |****************************
		[      0.1:      0.2) 0 ( 0.0%) |
		[      0.2:      0.3) 0 ( 0.0%) |
		[      0.3:      0.4) 0 ( 0.0%) |
		[      0.4:      0.5) 0 ( 0.0%) |
		[      0.5:      0.6) 0 ( 0.0%) |
		[      0.6:      0.7) 0 ( 0.0%) |
		[      0.7:      0.8) 0 ( 0.0%) |
		[      0.8:      0.9) 0 ( 0.0%) |
		[      0.9:        1) 7 (63.6%) |*************************************************

Type: clb
	Input Pin Usage:
		Max: 7.00 (0.64)
		Avg: 7.00 (0.64)
		Min: 7.00 (0.64)
		Histogram:
		[        0:      1.1) 0 ( 0.0%) |
		[      1.1:      2.2) 0 ( 0.0%) |
		[      2.2:      3.3) 0 ( 0.0%) |
		[      3.3:      4.4) 0 ( 0.0%) |
		[      4.4:      5.5) 0 ( 0.0%) |
		[      5.5:      6.6) 0 ( 0.0%) |
		[      6.6:      7.7) 1 (100.0%) |**************************************************
		[      7.7:      8.8) 0 ( 0.0%) |
		[      8.8:      9.9) 0 ( 0.0%) |
		[      9.9:       11) 0 ( 0.0%) |
	Output Pin Usage:
		Max: 4.00 (1.00)
		Avg: 4.00 (1.00)
		Min: 4.00 (1.00)
		Histogram:
		[        0:      0.4) 0 ( 0.0%) |
		[      0.4:      0.8) 0 ( 0.0%) |
		[      0.8:      1.2) 0 ( 0.0%) |
		[      1.2:      1.6) 0 ( 0.0%) |
		[      1.6:        2) 0 ( 0.0%) |
		[        2:      2.4) 0 ( 0.0%) |
		[      2.4:      2.8) 0 ( 0.0%) |
		[      2.8:      3.2) 0 ( 0.0%) |
		[      3.2:      3.6) 0 ( 0.0%) |
		[      3.6:        4) 1 (100.0%) |**************************************************

