#Timing report of worst 5 path(s)
# Unit scale: 1e-09 seconds
# Output precision: 3

#Path 1
Startpoint: benchmark1^b_in~0.inpad[0] (.input clocked by benchmark1^clock)
Endpoint  : benchmark1^out_FF.D[0] (.latch clocked by benchmark1^clock)
Path Type : setup

Point                                                             Incr      Path
--------------------------------------------------------------------------------
clock benchmark1^clock (rise edge)                               0.000     0.000
clock source latency                                             0.000     0.000
input external delay                                             0.000     0.000
benchmark1^b_in~0.inpad[0] (.input)                              0.000     0.000
benchmark1^tempOut~2.in[0] (.names)                              0.821     0.821
benchmark1^tempOut~2.out[0] (.names)                             0.225     1.047
n32.in[0] (.names)                                               0.821     1.868
n32.out[0] (.names)                                              0.225     2.093
benchmark1^out_FF.D[0] (.latch)                                  0.821     2.915
data arrival time                                                          2.915

clock benchmark1^clock (rise edge)                               0.000     0.000
clock source latency                                             0.000     0.000
benchmark1^clock.inpad[0] (.input)                               0.000     0.000
benchmark1^out_FF.clk[0] (.latch)                                0.821     0.821
clock uncertainty                                                0.000     0.821
cell setup time                                                 -0.216     0.605
data required time                                                         0.605
--------------------------------------------------------------------------------
data required time                                                         0.605
data arrival time                                                         -2.915
--------------------------------------------------------------------------------
slack (VIOLATED)                                                          -2.309


#Path 2
Startpoint: benchmark1^b_in~0.inpad[0] (.input clocked by benchmark1^clock)
Endpoint  : out:benchmark1^tempOut~2.outpad[0] (.output clocked by benchmark1^clock)
Path Type : setup

Point                                                               Incr      Path
----------------------------------------------------------------------------------
clock benchmark1^clock (rise edge)                                 0.000     0.000
clock source latency                                               0.000     0.000
input external delay                                               0.000     0.000
benchmark1^b_in~0.inpad[0] (.input)                                0.000     0.000
benchmark1^tempOut~2.in[0] (.names)                                0.821     0.821
benchmark1^tempOut~2.out[0] (.names)                               0.225     1.047
out:benchmark1^tempOut~2.outpad[0] (.output)                       0.821     1.868
data arrival time                                                            1.868

clock benchmark1^clock (rise edge)                                 0.000     0.000
clock source latency                                               0.000     0.000
clock uncertainty                                                  0.000     0.000
output external delay                                              0.000     0.000
data required time                                                           0.000
----------------------------------------------------------------------------------
data required time                                                           0.000
data arrival time                                                           -1.868
----------------------------------------------------------------------------------
slack (VIOLATED)                                                            -1.868


#Path 3
Startpoint: benchmark1^a_in~0.inpad[0] (.input clocked by benchmark1^clock)
Endpoint  : out:benchmark1^tempOut~0.outpad[0] (.output clocked by benchmark1^clock)
Path Type : setup

Point                                                               Incr      Path
----------------------------------------------------------------------------------
clock benchmark1^clock (rise edge)                                 0.000     0.000
clock source latency                                               0.000     0.000
input external delay                                               0.000     0.000
benchmark1^a_in~0.inpad[0] (.input)                                0.000     0.000
benchmark1^tempOut~0.in[0] (.names)                                0.821     0.821
benchmark1^tempOut~0.out[0] (.names)                               0.225     1.047
out:benchmark1^tempOut~0.outpad[0] (.output)                       0.821     1.868
data arrival time                                                            1.868

clock benchmark1^clock (rise edge)                                 0.000     0.000
clock source latency                                               0.000     0.000
clock uncertainty                                                  0.000     0.000
output external delay                                              0.000     0.000
data required time                                                           0.000
----------------------------------------------------------------------------------
data required time                                                           0.000
data arrival time                                                           -1.868
----------------------------------------------------------------------------------
slack (VIOLATED)                                                            -1.868


#Path 4
Startpoint: benchmark1^a_in~1.inpad[0] (.input clocked by benchmark1^clock)
Endpoint  : out:benchmark1^tempOut~1.outpad[0] (.output clocked by benchmark1^clock)
Path Type : setup

Point                                                               Incr      Path
----------------------------------------------------------------------------------
clock benchmark1^clock (rise edge)                                 0.000     0.000
clock source latency                                               0.000     0.000
input external delay                                               0.000     0.000
benchmark1^a_in~1.inpad[0] (.input)                                0.000     0.000
benchmark1^tempOut~1.in[0] (.names)                                0.821     0.821
benchmark1^tempOut~1.out[0] (.names)                               0.225     1.047
out:benchmark1^tempOut~1.outpad[0] (.output)                       0.821     1.868
data arrival time                                                            1.868

clock benchmark1^clock (rise edge)                                 0.000     0.000
clock source latency                                               0.000     0.000
clock uncertainty                                                  0.000     0.000
output external delay                                              0.000     0.000
data required time                                                           0.000
----------------------------------------------------------------------------------
data required time                                                           0.000
data arrival time                                                           -1.868
----------------------------------------------------------------------------------
slack (VIOLATED)                                                            -1.868


#Path 5
Startpoint: benchmark1^out_FF.Q[0] (.latch clocked by benchmark1^clock)
Endpoint  : out:benchmark1^out.outpad[0] (.output clocked by benchmark1^clock)
Path Type : setup

Point                                                             Incr      Path
--------------------------------------------------------------------------------
clock benchmark1^clock (rise edge)                               0.000     0.000
clock source latency                                             0.000     0.000
benchmark1^clock.inpad[0] (.input)                               0.000     0.000
benchmark1^out_FF.clk[0] (.latch)                                0.821     0.821
benchmark1^out_FF.Q[0] (.latch) [clock-to-output]                0.143     0.964
out:benchmark1^out.outpad[0] (.output)                           0.821     1.785
data arrival time                                                          1.785

clock benchmark1^clock (rise edge)                               0.000     0.000
clock source latency                                             0.000     0.000
clock uncertainty                                                0.000     0.000
output external delay                                            0.000     0.000
data required time                                                         0.000
--------------------------------------------------------------------------------
data required time                                                         0.000
data arrival time                                                         -1.785
--------------------------------------------------------------------------------
slack (VIOLATED)                                                          -1.785


#End of timing report
