#Timing report of worst 5 path(s)
# Unit scale: 1e-09 seconds
# Output precision: 3

#Path 1
Startpoint: benchmark1^a_in~0.inpad[0] (.input clocked by benchmark1^clock)
Endpoint  : benchmark1^out_FF.D[0] (.latch clocked by benchmark1^clock)
Path Type : hold

Point                                                             Incr      Path
--------------------------------------------------------------------------------
clock benchmark1^clock (rise edge)                               0.000     0.000
clock source latency                                             0.000     0.000
input external delay                                             0.000     0.000
benchmark1^a_in~0.inpad[0] (.input)                              0.000     0.000
n32.in[1] (.names)                                               0.143     0.143
n32.out[0] (.names)                                              0.225     0.368
benchmark1^out_FF.D[0] (.latch)                                  0.000     0.368
data arrival time                                                          0.368

clock benchmark1^clock (rise edge)                               0.000     0.000
clock source latency                                             0.000     0.000
benchmark1^clock.inpad[0] (.input)                               0.000     0.000
benchmark1^out_FF.clk[0] (.latch)                                0.000     0.000
clock uncertainty                                                0.000     0.000
cell hold time                                                   0.216     0.216
data required time                                                         0.216
--------------------------------------------------------------------------------
data required time                                                        -0.216
data arrival time                                                          0.368
--------------------------------------------------------------------------------
slack (MET)                                                                0.152


#Path 2
Startpoint: benchmark1^out_FF.Q[0] (.latch clocked by benchmark1^clock)
Endpoint  : out:benchmark1^out.outpad[0] (.output clocked by benchmark1^clock)
Path Type : hold

Point                                                             Incr      Path
--------------------------------------------------------------------------------
clock benchmark1^clock (rise edge)                               0.000     0.000
clock source latency                                             0.000     0.000
benchmark1^clock.inpad[0] (.input)                               0.000     0.000
benchmark1^out_FF.clk[0] (.latch)                                0.000     0.000
benchmark1^out_FF.Q[0] (.latch) [clock-to-output]                0.143     0.143
out:benchmark1^out.outpad[0] (.output)                           0.143     0.285
data arrival time                                                          0.285

clock benchmark1^clock (rise edge)                               0.000     0.000
clock source latency                                             0.000     0.000
clock uncertainty                                                0.000     0.000
output external delay                                            0.000     0.000
data required time                                                         0.000
--------------------------------------------------------------------------------
data required time                                                        -0.000
data arrival time                                                          0.285
--------------------------------------------------------------------------------
slack (MET)                                                                0.285


#Path 3
Startpoint: benchmark1^b_in~0.inpad[0] (.input clocked by benchmark1^clock)
Endpoint  : out:benchmark1^tempOut~2.outpad[0] (.output clocked by benchmark1^clock)
Path Type : hold

Point                                                               Incr      Path
----------------------------------------------------------------------------------
clock benchmark1^clock (rise edge)                                 0.000     0.000
clock source latency                                               0.000     0.000
input external delay                                               0.000     0.000
benchmark1^b_in~0.inpad[0] (.input)                                0.000     0.000
benchmark1^tempOut~2.in[0] (.names)                                0.143     0.143
benchmark1^tempOut~2.out[0] (.names)                               0.225     0.368
out:benchmark1^tempOut~2.outpad[0] (.output)                       0.143     0.511
data arrival time                                                            0.511

clock benchmark1^clock (rise edge)                                 0.000     0.000
clock source latency                                               0.000     0.000
clock uncertainty                                                  0.000     0.000
output external delay                                              0.000     0.000
data required time                                                           0.000
----------------------------------------------------------------------------------
data required time                                                          -0.000
data arrival time                                                            0.511
----------------------------------------------------------------------------------
slack (MET)                                                                  0.511


#Path 4
Startpoint: benchmark1^a_in~1.inpad[0] (.input clocked by benchmark1^clock)
Endpoint  : out:benchmark1^tempOut~1.outpad[0] (.output clocked by benchmark1^clock)
Path Type : hold

Point                                                               Incr      Path
----------------------------------------------------------------------------------
clock benchmark1^clock (rise edge)                                 0.000     0.000
clock source latency                                               0.000     0.000
input external delay                                               0.000     0.000
benchmark1^a_in~1.inpad[0] (.input)                                0.000     0.000
benchmark1^tempOut~1.in[0] (.names)                                0.143     0.143
benchmark1^tempOut~1.out[0] (.names)                               0.225     0.368
out:benchmark1^tempOut~1.outpad[0] (.output)                       0.143     0.511
data arrival time                                                            0.511

clock benchmark1^clock (rise edge)                                 0.000     0.000
clock source latency                                               0.000     0.000
clock uncertainty                                                  0.000     0.000
output external delay                                              0.000     0.000
data required time                                                           0.000
----------------------------------------------------------------------------------
data required time                                                          -0.000
data arrival time                                                            0.511
----------------------------------------------------------------------------------
slack (MET)                                                                  0.511


#Path 5
Startpoint: benchmark1^a_in~0.inpad[0] (.input clocked by benchmark1^clock)
Endpoint  : out:benchmark1^tempOut~0.outpad[0] (.output clocked by benchmark1^clock)
Path Type : hold

Point                                                               Incr      Path
----------------------------------------------------------------------------------
clock benchmark1^clock (rise edge)                                 0.000     0.000
clock source latency                                               0.000     0.000
input external delay                                               0.000     0.000
benchmark1^a_in~0.inpad[0] (.input)                                0.000     0.000
benchmark1^tempOut~0.in[0] (.names)                                0.143     0.143
benchmark1^tempOut~0.out[0] (.names)                               0.225     0.368
out:benchmark1^tempOut~0.outpad[0] (.output)                       0.205     0.574
data arrival time                                                            0.574

clock benchmark1^clock (rise edge)                                 0.000     0.000
clock source latency                                               0.000     0.000
clock uncertainty                                                  0.000     0.000
output external delay                                              0.000     0.000
data required time                                                           0.000
----------------------------------------------------------------------------------
data required time                                                          -0.000
data arrival time                                                            0.574
----------------------------------------------------------------------------------
slack (MET)                                                                  0.574


#End of timing report
